test_01_center_500_cycles_single_frame_noise_is_quiet (__main__.FilterFollowTests.test_01_center_500_cycles_single_frame_noise_is_quiet) ... skipped 'feature disabled in this build'
test_02_single_frame_noise_does_not_change_line_error (__main__.FilterFollowTests.test_02_single_frame_noise_does_not_change_line_error) ... skipped 'feature disabled in this build'
test_03_majority_truth_table_and_random_bit_reference (__main__.FilterFollowTests.test_03_majority_truth_table_and_random_bit_reference) ... skipped 'feature disabled in this build'
test_03b_stable_step_reaches_filter_within_two_cycles (__main__.FilterFollowTests.test_03b_stable_step_reaches_filter_within_two_cycles) ... skipped 'feature disabled in this build'
test_03c_nonlinear_is_continuous_odd_monotone_and_has_no_dead_zone (__main__.FilterFollowTests.test_03c_nonlinear_is_continuous_odd_monotone_and_has_no_dead_zone) ... skipped 'feature disabled in this build'
test_04_progressive_error_slows_and_slew_remains_bounded (__main__.FilterFollowTests.test_04_progressive_error_slows_and_slew_remains_bounded) ... skipped 'feature disabled in this build'
test_05_recentering_recovers_base_at_configured_rate (__main__.FilterFollowTests.test_05_recentering_recovers_base_at_configured_rate) ... skipped 'feature disabled in this build'
test_06_same_error_outward_trend_slows_earlier (__main__.FilterFollowTests.test_06_same_error_outward_trend_slows_earlier) ... skipped 'feature disabled in this build'
test_07_mirrored_logic_swaps_targets_and_negates_correction (__main__.FilterFollowTests.test_07_mirrored_logic_swaps_targets_and_negates_correction) ... skipped 'feature disabled in this build'
test_07b_error_rate_is_bounded_and_resets_between_sessions (__main__.FilterFollowTests.test_07b_error_rate_is_bounded_and_resets_between_sessions) ... ok
test_07c_trend_has_signed_units_per_second_and_exact_mirrors (__main__.FilterFollowTests.test_07c_trend_has_signed_units_per_second_and_exact_mirrors) ... ok
test_17_existing_24_recovery_tests_are_unchanged (__main__.RecoveryContractTests.test_17_existing_24_recovery_tests_are_unchanged) ... ok
test_08_nonzero_5_8_12_18rpm_never_becomes_zero (__main__.SpeedContinuityTests.test_08_nonzero_5_8_12_18rpm_never_becomes_zero) ... ok
test_09_low_speed_gains_and_pwm_are_continuous_at_breakpoints (__main__.SpeedContinuityTests.test_09_low_speed_gains_and_pwm_are_continuous_at_breakpoints) ... skipped 'feature disabled in this build'
test_10_100ms_no_pulses_does_not_store_an_unbounded_start_kick (__main__.SpeedContinuityTests.test_10_100ms_no_pulses_does_not_store_an_unbounded_start_kick) ... ok
test_11_four_direction_offset_parameters_are_independent (__main__.SpeedContinuityTests.test_11_four_direction_offset_parameters_are_independent) ... ok
test_12_reversal_passes_zero_without_old_integral_or_false_fault (__main__.SpeedContinuityTests.test_12_reversal_passes_zero_without_old_integral_or_false_fault) ... ok
test_18a_ring_overwrite_bounds_and_ram (__main__.TraceStopTests.test_18a_ring_overwrite_bounds_and_ram) ... ok
test_18b_stop_is_idempotent_first_cause_and_frozen (__main__.TraceStopTests.test_18b_stop_is_idempotent_first_cause_and_frozen) ... ok
test_18c_user_key_has_distinct_reason_and_restart_rearms (__main__.TraceStopTests.test_18c_user_key_has_distinct_reason_and_restart_rearms) ... ok
test_18d_all_reason_codes_stop_requests_and_lock_state (__main__.TraceStopTests.test_18d_all_reason_codes_stop_requests_and_lock_state) ... ok
test_18e_encoder_and_schedule_fault_have_explicit_causes (__main__.TraceStopTests.test_18e_encoder_and_schedule_fault_have_explicit_causes) ... ok
test_18f_every_existing_software_stop_path_has_its_own_cause (__main__.TraceStopTests.test_18f_every_existing_software_stop_path_has_its_own_cause) ... ok
test_20_clock_wrap_preserves_controller_and_trace_cadence (__main__.TraceStopTests.test_20_clock_wrap_preserves_controller_and_trace_cadence) ... ok
test_13_turn_requested_speed_is_continuous_monotone_and_slewed (__main__.TurnAlignHandoffTests.test_13_turn_requested_speed_is_continuous_monotone_and_slewed) ... skipped 'feature disabled in this build'
test_14_align_improving_error_keeps_original_strategy (__main__.TurnAlignHandoffTests.test_14_align_improving_error_keeps_original_strategy) ... ok
test_15_align_persistent_worsening_slows_and_strengthens_gain (__main__.TurnAlignHandoffTests.test_15_align_persistent_worsening_slows_and_strengthens_gain) ... ok
test_16_align_frequent_sign_flips_damp_gain (__main__.TurnAlignHandoffTests.test_16_align_frequent_sign_flips_damp_gain) ... ok
test_19a_exit_low_base_enters_track_without_lower_clamp_jump (__main__.TurnAlignHandoffTests.test_19a_exit_low_base_enters_track_without_lower_clamp_jump) ... skipped 'feature disabled in this build'
test_19b_spin_and_pivot_do_not_pollute_forward_base (__main__.TurnAlignHandoffTests.test_19b_spin_and_pivot_do_not_pollute_forward_base) ... skipped 'feature disabled in this build'
test_19c_start_uses_configured_forward_base (__main__.TurnAlignHandoffTests.test_19c_start_uses_configured_forward_base) ... skipped 'feature disabled in this build'

----------------------------------------------------------------------
Ran 31 tests in 3.486s

OK (skipped=14)
