{
  "flags": "GCC -O2 -Wall -Wextra -Wdouble-promotion -ffp-contract=off -Werror",
  "features": {
    "TRACK_TRACE_ENABLE": 1,
    "TRACK_SENSOR_FILTER_ENABLE": 1,
    "TRACK_NONLINEAR_FOLLOW_ENABLE": 1,
    "TRACK_ERROR_TREND_ENABLE": 1,
    "TRACK_ADAPTIVE_SPEED_ENABLE": 1,
    "TRACK_LOW_SPEED_ZONE_ENABLE": 1,
    "TRACK_TURN_CONTINUITY_ENABLE": 1,
    "TRACK_ALIGN_TREND_ENABLE": 1,
    "TRACK_ERROR_PREDICT_ENABLE": 0
  },
  "mutations": [
    {
      "mutation": "bypass_filter",
      "test": "FilterFollowTests.test_02_single_frame_noise_does_not_change_line_error",
      "reference": {
        "passed": true,
        "assertion_failures": 0,
        "errors": 0,
        "skipped": 0,
        "detail": []
      },
      "mutant": {
        "passed": false,
        "assertion_failures": 1,
        "errors": 0,
        "skipped": 0,
        "detail": [
          "Traceback (most recent call last):\n  File \"/workspace/linecar_optimized/tests/test_fix5.py\", line 73, in checked\n    return function(self,*args,**kwargs)\n           ^^^^^^^^^^^^^^^^^^^^^^^^^^^^^\n  File \"/workspace/linecar_optimized/tests/test_fix5.py\", line 220, in test_02_single_frame_noise_does_not_change_line_error\n    self.assertEqual(fw.Fix5_Filtered(),0x30)\nAssertionError: 32 != 48\n"
        ]
      },
      "killed": true
    },
    {
      "mutation": "reverse_error_rate",
      "test": "FilterFollowTests.test_06_same_error_outward_trend_slows_earlier",
      "reference": {
        "passed": true,
        "assertion_failures": 0,
        "errors": 0,
        "skipped": 0,
        "detail": []
      },
      "mutant": {
        "passed": false,
        "assertion_failures": 1,
        "errors": 0,
        "skipped": 0,
        "detail": [
          "Traceback (most recent call last):\n  File \"/workspace/linecar_optimized/tests/test_fix5.py\", line 73, in checked\n    return function(self,*args,**kwargs)\n           ^^^^^^^^^^^^^^^^^^^^^^^^^^^^^\n  File \"/workspace/linecar_optimized/tests/test_fix5.py\", line 302, in test_06_same_error_outward_trend_slows_earlier\n    self.assertGreater(rates[0],0.0); self.assertLess(rates[1],0.0)\n    ^^^^^^^^^^^^^^^^^^^^^^^^^^^^^^^^\nAssertionError: -33.33333206176758 not greater than 0.0\n"
        ]
      },
      "killed": true
    },
    {
      "mutation": "one_side_target_bias",
      "test": "FilterFollowTests.test_07_mirrored_logic_swaps_targets_and_negates_correction",
      "reference": {
        "passed": true,
        "assertion_failures": 0,
        "errors": 0,
        "skipped": 0,
        "detail": []
      },
      "mutant": {
        "passed": false,
        "assertion_failures": 1,
        "errors": 0,
        "skipped": 0,
        "detail": [
          "Traceback (most recent call last):\n  File \"/workspace/linecar_optimized/tests/test_fix5.py\", line 73, in checked\n    return function(self,*args,**kwargs)\n           ^^^^^^^^^^^^^^^^^^^^^^^^^^^^^\n  File \"/workspace/linecar_optimized/tests/test_fix5.py\", line 329, in test_07_mirrored_logic_swaps_targets_and_negates_correction\n    self.assertAlmostEqual(left[3],-right[3],delta=1e-4)\nAssertionError: 0.125 != -0.125 within 0.0001 delta (0.25 difference)\n"
        ]
      },
      "killed": true
    },
    {
      "mutation": "old_low_speed_dead_zone",
      "test": "SpeedContinuityTests.test_08_nonzero_5_8_12_18rpm_never_becomes_zero",
      "reference": {
        "passed": true,
        "assertion_failures": 0,
        "errors": 0,
        "skipped": 0,
        "detail": []
      },
      "mutant": {
        "passed": false,
        "assertion_failures": 1,
        "errors": 0,
        "skipped": 0,
        "detail": [
          "Traceback (most recent call last):\n  File \"/workspace/linecar_optimized/tests/test_fix5.py\", line 377, in test_08_nonzero_5_8_12_18rpm_never_becomes_zero\n    self.assertGreater(sign*value,0)\nAssertionError: 0 not greater than 0\n"
        ]
      },
      "killed": true
    },
    {
      "mutation": "remove_first_cause",
      "test": "TraceStopTests.test_18b_stop_is_idempotent_first_cause_and_frozen",
      "reference": {
        "passed": true,
        "assertion_failures": 0,
        "errors": 0,
        "skipped": 0,
        "detail": []
      },
      "mutant": {
        "passed": false,
        "assertion_failures": 1,
        "errors": 0,
        "skipped": 0,
        "detail": [
          "Traceback (most recent call last):\n  File \"/workspace/linecar_optimized/tests/test_fix5.py\", line 73, in checked\n    return function(self,*args,**kwargs)\n           ^^^^^^^^^^^^^^^^^^^^^^^^^^^^^\n  File \"/workspace/linecar_optimized/tests/test_fix5.py\", line 113, in test_18b_stop_is_idempotent_first_cause_and_frozen\n    self.assertEqual(fw.Native_StopReason(),2)\nAssertionError: 3 != 2\n"
        ]
      },
      "killed": true
    },
    {
      "mutation": "user_reason_aliases_fault",
      "test": "TraceStopTests.test_18c_user_key_has_distinct_reason_and_restart_rearms",
      "reference": {
        "passed": true,
        "assertion_failures": 0,
        "errors": 0,
        "skipped": 0,
        "detail": []
      },
      "mutant": {
        "passed": false,
        "assertion_failures": 1,
        "errors": 0,
        "skipped": 0,
        "detail": [
          "Traceback (most recent call last):\n  File \"/workspace/linecar_optimized/tests/test_fix5.py\", line 73, in checked\n    return function(self,*args,**kwargs)\n           ^^^^^^^^^^^^^^^^^^^^^^^^^^^^^\n  File \"/workspace/linecar_optimized/tests/test_fix5.py\", line 124, in test_18c_user_key_has_distinct_reason_and_restart_rearms\n    self.assertNotIn(user,range(2,19))\nAssertionError: 2 unexpectedly found in range(2, 19)\n"
        ]
      },
      "killed": true
    },
    {
      "mutation": "restart_keeps_trace_frozen",
      "test": "TraceStopTests.test_18c_user_key_has_distinct_reason_and_restart_rearms",
      "reference": {
        "passed": true,
        "assertion_failures": 0,
        "errors": 0,
        "skipped": 0,
        "detail": []
      },
      "mutant": {
        "passed": false,
        "assertion_failures": 1,
        "errors": 0,
        "skipped": 0,
        "detail": [
          "Traceback (most recent call last):\n  File \"/workspace/linecar_optimized/tests/test_fix5.py\", line 73, in checked\n    return function(self,*args,**kwargs)\n           ^^^^^^^^^^^^^^^^^^^^^^^^^^^^^\n  File \"/workspace/linecar_optimized/tests/test_fix5.py\", line 133, in test_18c_user_key_has_distinct_reason_and_restart_rearms\n    self.assertEqual(fw.Fix5_TraceCount(),0)\nAssertionError: 1 != 0\n"
        ]
      },
      "killed": true
    },
    {
      "mutation": "pivot_pollutes_adaptive_base",
      "test": "TurnAlignHandoffTests.test_19b_spin_and_pivot_do_not_pollute_forward_base",
      "reference": {
        "passed": true,
        "assertion_failures": 0,
        "errors": 0,
        "skipped": 0,
        "detail": []
      },
      "mutant": {
        "passed": false,
        "assertion_failures": 1,
        "errors": 0,
        "skipped": 0,
        "detail": [
          "Traceback (most recent call last):\n  File \"/workspace/linecar_optimized/tests/test_fix5.py\", line 73, in checked\n    return function(self,*args,**kwargs)\n           ^^^^^^^^^^^^^^^^^^^^^^^^^^^^^\n  File \"/workspace/linecar_optimized/tests/test_fix5.py\", line 574, in test_19b_spin_and_pivot_do_not_pollute_forward_base\n    self.assertAlmostEqual(fw.Fix5_Base(),30.0,delta=1e-4)\nAssertionError: 0.0 != 30.0 within 0.0001 delta (30.0 difference)\n"
        ]
      },
      "killed": true
    }
  ],
  "killed": 8,
  "total": 8,
  "source_unchanged": true,
  "workspace_status_unchanged": true,
  "git_workspace_available": true,
  "workspace_was_clean": true
}
